node.exe : PASS src/app/api/chatbot/route.test.ts
At line:1 char:1
+ & "C:\Program Files\nodejs/node.exe" "C:\Users\USER\AppData\Roaming\n ...
+ ~~~~~~~~~~~~~~~~~~~~~~~~~~~~~~~~~~~~~~~~~~~~~~~~~~~~~~~~~~~~~~~~~~~~~
    + CategoryInfo          : NotSpecified: (PASS src/app/api/chatbot/route.te 
   st.ts:String) [], RemoteException
    + FullyQualifiedErrorId : NativeCommandError
 
  ΓùÅ Console

    console.warn
      Ollama skipped/failed: Ollama returned empty response

    [0m [90m 789 |[39m       console[33m.[39minfo([32m'[AI] Responded 
via Ollama'[39m)[33m;[39m
     [90m 790 |[39m     } [36mcatch[39m (ollamaError) {
    [31m[1m>[22m[39m[90m 791 |[39m       
console[33m.[39mwarn([32m'Ollama skipped/failed:'[39m[33m,[39m 
(ollamaError [36mas[39m [33mError[39m)[33m.[39mmessage)[33m;[39m
     [90m     |[39m               [31m[1m^[22m[39m
     [90m 792 |[39m       [36mtry[39m {
     [90m 793 |[39m         aiResponse [33m=[39m [36mawait[39m 
callAIML(messages[33m,[39m isPremium)[33m;[39m
     [90m 794 |[39m       } [36mcatch[39m (aimlError) {[0m

      at POST (src/app/api/chatbot/route.ts:791:15)
      at Object.<anonymous> (src/app/api/chatbot/route.test.ts:134:22)

PASS src/app/api/webhooks/clerk-billing/route.test.ts
  ΓùÅ Console

    console.error
      [Webhook] Stale or invalid timestamp {
        svix_id: 'evt_123',
        svix_timestamp: '1773636062',
        maxAgeSeconds: 300
      }

    [0m [90m 77 |[39m     [36mreturn[39m[33m;[39m
     [90m 78 |[39m   }
    [31m[1m>[22m[39m[90m 79 |[39m   
originalError[33m.[39mcall(console[33m,[39m [33m...[39margs)[33m;[39m
     [90m    |[39m                 [31m[1m^[22m[39m
     [90m 80 |[39m }[33m;[39m
     [90m 81 |[39m[0m

      at console.error (jest.setup.js:79:17)
      at POST (src/app/api/webhooks/clerk-billing/route.ts:234:13)
      at Object.<anonymous> 
(src/app/api/webhooks/clerk-billing/route.test.ts:77:28)

    console.error
      Webhook verification failed: Error: bad signature
          at Object.<anonymous> (C:\Users\USER\Documents\GOAKL 
RTRACKER\src\app\api\webhooks\clerk-billing\route.test.ts:91:13)
          at C:\Users\USER\Documents\GOAKL 
RTRACKER\node_modules\jest-mock\build\index.js:305:39
          at Object.<anonymous> (C:\Users\USER\Documents\GOAKL 
RTRACKER\node_modules\jest-mock\build\index.js:312:13)
          at Object.mockConstructor [as verify] (C:\Users\USER\Documents\GOAKL 
RTRACKER\node_modules\jest-mock\build\index.js:102:19)
          at POST (C:\Users\USER\Documents\GOAKL 
RTRACKER\src\app\api\webhooks\clerk-billing\route.ts:258:16)
          at processTicksAndRejections 
(node:internal/process/task_queues:105:5)
          at Object.<anonymous> (C:\Users\USER\Documents\GOAKL 
RTRACKER\src\app\api\webhooks\clerk-billing\route.test.ts:108:22)

    [0m [90m 77 |[39m     [36mreturn[39m[33m;[39m
     [90m 78 |[39m   }
    [31m[1m>[22m[39m[90m 79 |[39m   
originalError[33m.[39mcall(console[33m,[39m [33m...[39margs)[33m;[39m
     [90m    |[39m                 [31m[1m^[22m[39m
     [90m 80 |[39m }[33m;[39m
     [90m 81 |[39m[0m

      at console.error (jest.setup.js:79:17)
      at POST (src/app/api/webhooks/clerk-billing/route.ts:264:13)
      at Object.<anonymous> 
(src/app/api/webhooks/clerk-billing/route.test.ts:108:22)

    console.log
      [Webhook] Received: subscription.created

      at POST (src/app/api/webhooks/clerk-billing/route.ts:290:11)

    console.log
      [Webhook] Updating plan for clerk_abc123 ΓåÆ pro (pro_monthly)

      at POST (src/app/api/webhooks/clerk-billing/route.ts:333:17)

    console.log
      [WebhookTelemetry] {"level":"info","event":"plan_update_attempt","eventId
":"evt_125","eventType":"subscription.created","clerkId":"clerk_abc123","plan":
"pro","attempt":1,"durationMs":0,"applied":true,"reason":"ok"}

      at applyPlanWithRetry 
(src/app/api/webhooks/clerk-billing/route.ts:100:15)

    console.log
      [Webhook] Successfully updated plan for clerk_abc123

      at POST (src/app/api/webhooks/clerk-billing/route.ts:349:21)

    console.log
      [Webhook] Received: subscription.created

      at POST (src/app/api/webhooks/clerk-billing/route.ts:290:11)

    console.error
      [Webhook] Missing user id in billing webhook payload

    [0m [90m 77 |[39m     [36mreturn[39m[33m;[39m
     [90m 78 |[39m   }
    [31m[1m>[22m[39m[90m 79 |[39m   
originalError[33m.[39mcall(console[33m,[39m [33m...[39margs)[33m;[39m
     [90m    |[39m                 [31m[1m^[22m[39m
     [90m 80 |[39m }[33m;[39m
     [90m 81 |[39m[0m

      at console.error (jest.setup.js:79:17)
      at POST (src/app/api/webhooks/clerk-billing/route.ts:306:19)
      at Object.<anonymous> 
(src/app/api/webhooks/clerk-billing/route.test.ts:181:22)

PASS src/__tests__/billing.integration.test.ts
PASS src/app/api/chatbot/events/route.test.ts
PASS src/lib/__tests__/utils.test.ts (6.64 s)
PASS src/__tests__/DowngradePlanNotice.ui.test.tsx
PASS src/lib/__tests__/ics.compatibility.test.ts
PASS src/app/api/webhooks/clerk-billing/integration.route.test.ts
  ΓùÅ Console

    console.log
      [Webhook] Received: subscription.deleted

      at POST (src/app/api/webhooks/clerk-billing/route.ts:290:11)

    console.log
      [Webhook] Subscription cancelled for clerk_test_1

      at POST (src/app/api/webhooks/clerk-billing/route.ts:393:17)

    console.log
      [WebhookTelemetry] {"level":"info","event":"plan_update_attempt","eventId
":"evt_integ_2","eventType":"subscription.deleted","clerkId":"clerk_test_1","pl
an":"free","attempt":1,"durationMs":0,"applied":true,"reason":"ok"}

      at applyPlanWithRetry 
(src/app/api/webhooks/clerk-billing/route.ts:100:15)

    console.log
      [Webhook] Successfully downgraded clerk_test_1 to free plan

      at POST (src/app/api/webhooks/clerk-billing/route.ts:406:21)

PASS src/__tests__/billing.archive.test.ts
PASS src/lib/__tests__/ascend-knowledge-base.test.ts
PASS src/lib/__tests__/chatbot.regression.test.ts
PASS src/lib/__tests__/security.headers.test.ts
PASS src/lib/__tests__/payment-params.test.ts

Test Suites: 13 passed, 13 total
Tests:       86 passed, 86 total
Snapshots:   0 total
Time:        17.919 s
Ran all test suites.
Force exiting Jest: Have you considered using `--detectOpenHandles` to detect 
async operations that kept running after all tests finished?
